
 #################################################################################### 
strings
strlen (  Hello, World!, ) 
strlen (  This is a heap string., ) 

 #################################################################################### 
format

 #################################################################################### 
regs

 #################################################################################### 
files

 #################################################################################### 
dir

 #################################################################################### 
network

 #################################################################################### 
cmd

 #################################################################################### 
thread

 #################################################################################### 
process

 #################################################################################### 
other

 #################################################################################### 
lib

 #################################################################################### 
proc

 #################################################################################### 
services

 #################################################################################### 
crypt

 #################################################################################### 
anti
